Component: ARM Compiler 5.06 update 7 (build 960) Tool: armlink [4d3601]

==============================================================================

Section Cross References

    principal.o(i.IT_function) refers to driver_gpio.o(i.MyGPIO_Toggle) for MyGPIO_Toggle
    principal.o(i.main) refers to driver_gpio.o(i.MyGPIO_Init) for MyGPIO_Init
    principal.o(i.main) refers to mytimer.o(i.MyTimer_Base_Init) for MyTimer_Base_Init
    principal.o(i.main) refers to mytimer.o(i.MyTimer_ActiveIT) for MyTimer_ActiveIT
    principal.o(i.main) refers to mytimer.o(i.MyTimer_PWM) for MyTimer_PWM
    principal.o(i.main) refers to mytimer.o(i.Start_MyTimer_PWM) for Start_MyTimer_PWM
    principal.o(i.main) refers to principal.o(.data) for Timer2
    principal.o(i.main) refers to principal.o(i.IT_function) for IT_function
    driver_gpio.o(i.MyGPIO_Toggle) refers to driver_gpio.o(i.MyGPIO_Read) for MyGPIO_Read
    driver_gpio.o(i.MyGPIO_Toggle) refers to driver_gpio.o(i.MyGPIO_Reset) for MyGPIO_Reset
    driver_gpio.o(i.MyGPIO_Toggle) refers to driver_gpio.o(i.MyGPIO_Set) for MyGPIO_Set
    mytimer.o(i.MyTimer_ActiveIT) refers to mytimer.o(.data) for pTim2Fun
    mytimer.o(i.TIM1_IRQHandler) refers to mytimer.o(.data) for pTim1Fun
    mytimer.o(i.TIM2_IRQHandler) refers to mytimer.o(.data) for pTim2Fun
    mytimer.o(i.TIM3_IRQHandler) refers to mytimer.o(.data) for pTim3Fun
    mytimer.o(i.TIM4_IRQHandler) refers to mytimer.o(.data) for pTim4Fun
    startup_stm32f10x_md.o(RESET) refers to startup_stm32f10x_md.o(STACK) for __initial_sp
    startup_stm32f10x_md.o(RESET) refers to startup_stm32f10x_md.o(.text) for Reset_Handler
    startup_stm32f10x_md.o(RESET) refers to mytimer.o(i.TIM2_IRQHandler) for TIM2_IRQHandler
    startup_stm32f10x_md.o(RESET) refers to mytimer.o(i.TIM3_IRQHandler) for TIM3_IRQHandler
    startup_stm32f10x_md.o(RESET) refers to mytimer.o(i.TIM4_IRQHandler) for TIM4_IRQHandler
    startup_stm32f10x_md.o(.text) refers to system_stm32f10x.o(i.SystemInit) for SystemInit
    startup_stm32f10x_md.o(.text) refers to entry.o(.ARM.Collect$$$$00000000) for __main
    system_stm32f10x.o(i.SetSysClock) refers to system_stm32f10x.o(i.SetSysClockTo72) for SetSysClockTo72
    system_stm32f10x.o(i.SystemCoreClockUpdate) refers to system_stm32f10x.o(.data) for SystemCoreClock
    system_stm32f10x.o(i.SystemInit) refers to system_stm32f10x.o(i.SetSysClock) for SetSysClock
    entry.o(.ARM.Collect$$$$00000000) refers (Special) to entry10a.o(.ARM.Collect$$$$0000000F) for __rt_final_cpp
    entry.o(.ARM.Collect$$$$00000000) refers (Special) to entry11a.o(.ARM.Collect$$$$00000011) for __rt_final_exit
    entry.o(.ARM.Collect$$$$00000000) refers (Special) to entry12b.o(.ARM.Collect$$$$0000000E) for __rt_lib_shutdown_fini
    entry.o(.ARM.Collect$$$$00000000) refers (Special) to entry7b.o(.ARM.Collect$$$$00000008) for _main_clock
    entry.o(.ARM.Collect$$$$00000000) refers (Special) to entry8b.o(.ARM.Collect$$$$0000000A) for _main_cpp_init
    entry.o(.ARM.Collect$$$$00000000) refers (Special) to entry9a.o(.ARM.Collect$$$$0000000B) for _main_init
    entry.o(.ARM.Collect$$$$00000000) refers (Special) to entry5.o(.ARM.Collect$$$$00000004) for _main_scatterload
    entry.o(.ARM.Collect$$$$00000000) refers (Special) to entry2.o(.ARM.Collect$$$$00000001) for _main_stk
    entry2.o(.ARM.Collect$$$$00000001) refers to entry2.o(.ARM.Collect$$$$00002712) for __lit__00000000
    entry2.o(.ARM.Collect$$$$00002712) refers to startup_stm32f10x_md.o(STACK) for __initial_sp
    entry2.o(__vectab_stack_and_reset_area) refers to startup_stm32f10x_md.o(STACK) for __initial_sp
    entry2.o(__vectab_stack_and_reset_area) refers to entry.o(.ARM.Collect$$$$00000000) for __main
    entry5.o(.ARM.Collect$$$$00000004) refers to init.o(.text) for __scatterload
    entry9a.o(.ARM.Collect$$$$0000000B) refers to principal.o(i.main) for main
    entry9b.o(.ARM.Collect$$$$0000000C) refers to principal.o(i.main) for main
    init.o(.text) refers to entry5.o(.ARM.Collect$$$$00000004) for __main_after_scatterload


==============================================================================

Removing Unused input sections from the image.

    Removing principal.o(.rev16_text), (4 bytes).
    Removing principal.o(.revsh_text), (4 bytes).
    Removing principal.o(.rrx_text), (6 bytes).
    Removing driver_gpio.o(.rev16_text), (4 bytes).
    Removing driver_gpio.o(.revsh_text), (4 bytes).
    Removing driver_gpio.o(.rrx_text), (6 bytes).
    Removing mytimer.o(.rev16_text), (4 bytes).
    Removing mytimer.o(.revsh_text), (4 bytes).
    Removing mytimer.o(.rrx_text), (6 bytes).
    Removing mytimer.o(i.TIM1_IRQHandler), (20 bytes).
    Removing startup_stm32f10x_md.o(HEAP), (512 bytes).
    Removing system_stm32f10x.o(.rev16_text), (4 bytes).
    Removing system_stm32f10x.o(.revsh_text), (4 bytes).
    Removing system_stm32f10x.o(.rrx_text), (6 bytes).
    Removing system_stm32f10x.o(i.SystemCoreClockUpdate), (164 bytes).
    Removing system_stm32f10x.o(.data), (20 bytes).

16 unused section(s) (total 772 bytes) removed from the image.

==============================================================================

Image Symbol Table

    Local Symbols

    Symbol Name                              Value     Ov Type        Size  Object(Section)

    ../clib/microlib/init/entry.s            0x00000000   Number         0  entry9a.o ABSOLUTE
    ../clib/microlib/init/entry.s            0x00000000   Number         0  entry7b.o ABSOLUTE
    ../clib/microlib/init/entry.s            0x00000000   Number         0  entry8a.o ABSOLUTE
    ../clib/microlib/init/entry.s            0x00000000   Number         0  entry12b.o ABSOLUTE
    ../clib/microlib/init/entry.s            0x00000000   Number         0  entry11b.o ABSOLUTE
    ../clib/microlib/init/entry.s            0x00000000   Number         0  entry8b.o ABSOLUTE
    ../clib/microlib/init/entry.s            0x00000000   Number         0  entry11a.o ABSOLUTE
    ../clib/microlib/init/entry.s            0x00000000   Number         0  entry10b.o ABSOLUTE
    ../clib/microlib/init/entry.s            0x00000000   Number         0  entry10a.o ABSOLUTE
    ../clib/microlib/init/entry.s            0x00000000   Number         0  entry9b.o ABSOLUTE
    ../clib/microlib/init/entry.s            0x00000000   Number         0  entry12a.o ABSOLUTE
    ../clib/microlib/init/entry.s            0x00000000   Number         0  entry7a.o ABSOLUTE
    ../clib/microlib/init/entry.s            0x00000000   Number         0  entry.o ABSOLUTE
    ../clib/microlib/init/entry.s            0x00000000   Number         0  entry5.o ABSOLUTE
    ../clib/microlib/init/entry.s            0x00000000   Number         0  entry2.o ABSOLUTE
    ..\Mes drivers\sources\Driver_GPIO.c     0x00000000   Number         0  driver_gpio.o ABSOLUTE
    ..\Mes drivers\sources\MyTimer.c         0x00000000   Number         0  mytimer.o ABSOLUTE
    ..\\Mes drivers\\sources\\Driver_GPIO.c  0x00000000   Number         0  driver_gpio.o ABSOLUTE
    ..\\Mes drivers\\sources\\MyTimer.c      0x00000000   Number         0  mytimer.o ABSOLUTE
    RTE\Device\STM32F103RB\startup_stm32f10x_md.s 0x00000000   Number         0  startup_stm32f10x_md.o ABSOLUTE
    RTE\Device\STM32F103RB\system_stm32f10x.c 0x00000000   Number         0  system_stm32f10x.o ABSOLUTE
    RTE\\Device\\STM32F103RB\\system_stm32f10x.c 0x00000000   Number         0  system_stm32f10x.o ABSOLUTE
    Source\Principal.c                       0x00000000   Number         0  principal.o ABSOLUTE
    Source\\Principal.c                      0x00000000   Number         0  principal.o ABSOLUTE
    dc.s                                     0x00000000   Number         0  dc.o ABSOLUTE
    handlers.s                               0x00000000   Number         0  handlers.o ABSOLUTE
    init.s                                   0x00000000   Number         0  init.o ABSOLUTE
    RESET                                    0x08000000   Section      236  startup_stm32f10x_md.o(RESET)
    .ARM.Collect$$$$00000000                 0x080000ec   Section        0  entry.o(.ARM.Collect$$$$00000000)
    .ARM.Collect$$$$00000001                 0x080000ec   Section        4  entry2.o(.ARM.Collect$$$$00000001)
    .ARM.Collect$$$$00000004                 0x080000f0   Section        4  entry5.o(.ARM.Collect$$$$00000004)
    .ARM.Collect$$$$00000008                 0x080000f4   Section        0  entry7b.o(.ARM.Collect$$$$00000008)
    .ARM.Collect$$$$0000000A                 0x080000f4   Section        0  entry8b.o(.ARM.Collect$$$$0000000A)
    .ARM.Collect$$$$0000000B                 0x080000f4   Section        8  entry9a.o(.ARM.Collect$$$$0000000B)
    .ARM.Collect$$$$0000000E                 0x080000fc   Section        4  entry12b.o(.ARM.Collect$$$$0000000E)
    .ARM.Collect$$$$0000000F                 0x08000100   Section        0  entry10a.o(.ARM.Collect$$$$0000000F)
    .ARM.Collect$$$$00000011                 0x08000100   Section        0  entry11a.o(.ARM.Collect$$$$00000011)
    .ARM.Collect$$$$00002712                 0x08000100   Section        4  entry2.o(.ARM.Collect$$$$00002712)
    __lit__00000000                          0x08000100   Data           4  entry2.o(.ARM.Collect$$$$00002712)
    .text                                    0x08000104   Section       36  startup_stm32f10x_md.o(.text)
    .text                                    0x08000128   Section       36  init.o(.text)
    i.IT_function                            0x0800014c   Section        0  principal.o(i.IT_function)
    i.MyGPIO_Init                            0x0800017c   Section        0  driver_gpio.o(i.MyGPIO_Init)
    i.MyGPIO_Read                            0x080001ce   Section        0  driver_gpio.o(i.MyGPIO_Read)
    i.MyGPIO_Reset                           0x080001da   Section        0  driver_gpio.o(i.MyGPIO_Reset)
    i.MyGPIO_Set                             0x080001e2   Section        0  driver_gpio.o(i.MyGPIO_Set)
    i.MyGPIO_Toggle                          0x080001ea   Section        0  driver_gpio.o(i.MyGPIO_Toggle)
    i.MyTimer_ActiveIT                       0x08000210   Section        0  mytimer.o(i.MyTimer_ActiveIT)
    i.MyTimer_Base_Init                      0x08000294   Section        0  mytimer.o(i.MyTimer_Base_Init)
    i.MyTimer_PWM                            0x080002a2   Section        0  mytimer.o(i.MyTimer_PWM)
    i.SetSysClock                            0x080002ea   Section        0  system_stm32f10x.o(i.SetSysClock)
    SetSysClock                              0x080002eb   Thumb Code     8  system_stm32f10x.o(i.SetSysClock)
    i.SetSysClockTo72                        0x080002f4   Section        0  system_stm32f10x.o(i.SetSysClockTo72)
    SetSysClockTo72                          0x080002f5   Thumb Code   214  system_stm32f10x.o(i.SetSysClockTo72)
    i.Start_MyTimer_PWM                      0x080003d4   Section        0  mytimer.o(i.Start_MyTimer_PWM)
    i.SystemInit                             0x080003e4   Section        0  system_stm32f10x.o(i.SystemInit)
    i.TIM2_IRQHandler                        0x08000444   Section        0  mytimer.o(i.TIM2_IRQHandler)
    i.TIM3_IRQHandler                        0x08000458   Section        0  mytimer.o(i.TIM3_IRQHandler)
    i.TIM4_IRQHandler                        0x0800046c   Section        0  mytimer.o(i.TIM4_IRQHandler)
    i.__scatterload_copy                     0x08000480   Section       14  handlers.o(i.__scatterload_copy)
    i.__scatterload_null                     0x0800048e   Section        2  handlers.o(i.__scatterload_null)
    i.__scatterload_zeroinit                 0x08000490   Section       14  handlers.o(i.__scatterload_zeroinit)
    i.main                                   0x080004a0   Section        0  principal.o(i.main)
    .data                                    0x20000000   Section       28  principal.o(.data)
    .data                                    0x2000001c   Section       16  mytimer.o(.data)
    STACK                                    0x20000030   Section     1024  startup_stm32f10x_md.o(STACK)

    Global Symbols

    Symbol Name                              Value     Ov Type        Size  Object(Section)

    BuildAttributes$$THM_ISAv4$P$D$K$B$S$PE$A:L22UL41UL21$X:L11$S22US41US21$IEEE1$IW$USESV6$~STKCKD$USESV7$~SHL$OSPACE$EBA8$MICROLIB$REQ8$PRES8$EABIv2 0x00000000   Number         0  anon$$obj.o ABSOLUTE
    __ARM_use_no_argv                        0x00000000   Number         0  principal.o ABSOLUTE
    __arm_fini_                               - Undefined Weak Reference
    __cpp_initialize__aeabi_                  - Undefined Weak Reference
    __cxa_finalize                            - Undefined Weak Reference
    __decompress                              - Undefined Weak Reference
    _clock_init                               - Undefined Weak Reference
    _microlib_exit                            - Undefined Weak Reference
    __Vectors_Size                           0x000000ec   Number         0  startup_stm32f10x_md.o ABSOLUTE
    __Vectors                                0x08000000   Data           4  startup_stm32f10x_md.o(RESET)
    __Vectors_End                            0x080000ec   Data           0  startup_stm32f10x_md.o(RESET)
    __main                                   0x080000ed   Thumb Code     0  entry.o(.ARM.Collect$$$$00000000)
    _main_stk                                0x080000ed   Thumb Code     0  entry2.o(.ARM.Collect$$$$00000001)
    _main_scatterload                        0x080000f1   Thumb Code     0  entry5.o(.ARM.Collect$$$$00000004)
    __main_after_scatterload                 0x080000f5   Thumb Code     0  entry5.o(.ARM.Collect$$$$00000004)
    _main_clock                              0x080000f5   Thumb Code     0  entry7b.o(.ARM.Collect$$$$00000008)
    _main_cpp_init                           0x080000f5   Thumb Code     0  entry8b.o(.ARM.Collect$$$$0000000A)
    _main_init                               0x080000f5   Thumb Code     0  entry9a.o(.ARM.Collect$$$$0000000B)
    __rt_lib_shutdown_fini                   0x080000fd   Thumb Code     0  entry12b.o(.ARM.Collect$$$$0000000E)
    __rt_final_cpp                           0x08000101   Thumb Code     0  entry10a.o(.ARM.Collect$$$$0000000F)
    __rt_final_exit                          0x08000101   Thumb Code     0  entry11a.o(.ARM.Collect$$$$00000011)
    Reset_Handler                            0x08000105   Thumb Code     8  startup_stm32f10x_md.o(.text)
    NMI_Handler                              0x0800010d   Thumb Code     2  startup_stm32f10x_md.o(.text)
    HardFault_Handler                        0x0800010f   Thumb Code     2  startup_stm32f10x_md.o(.text)
    MemManage_Handler                        0x08000111   Thumb Code     2  startup_stm32f10x_md.o(.text)
    BusFault_Handler                         0x08000113   Thumb Code     2  startup_stm32f10x_md.o(.text)
    UsageFault_Handler                       0x08000115   Thumb Code     2  startup_stm32f10x_md.o(.text)
    SVC_Handler                              0x08000117   Thumb Code     2  startup_stm32f10x_md.o(.text)
    DebugMon_Handler                         0x08000119   Thumb Code     2  startup_stm32f10x_md.o(.text)
    PendSV_Handler                           0x0800011b   Thumb Code     2  startup_stm32f10x_md.o(.text)
    SysTick_Handler                          0x0800011d   Thumb Code     2  startup_stm32f10x_md.o(.text)
    ADC1_2_IRQHandler                        0x0800011f   Thumb Code     0  startup_stm32f10x_md.o(.text)
    CAN1_RX1_IRQHandler                      0x0800011f   Thumb Code     0  startup_stm32f10x_md.o(.text)
    CAN1_SCE_IRQHandler                      0x0800011f   Thumb Code     0  startup_stm32f10x_md.o(.text)
    DMA1_Channel1_IRQHandler                 0x0800011f   Thumb Code     0  startup_stm32f10x_md.o(.text)
    DMA1_Channel2_IRQHandler                 0x0800011f   Thumb Code     0  startup_stm32f10x_md.o(.text)
    DMA1_Channel3_IRQHandler                 0x0800011f   Thumb Code     0  startup_stm32f10x_md.o(.text)
    DMA1_Channel4_IRQHandler                 0x0800011f   Thumb Code     0  startup_stm32f10x_md.o(.text)
    DMA1_Channel5_IRQHandler                 0x0800011f   Thumb Code     0  startup_stm32f10x_md.o(.text)
    DMA1_Channel6_IRQHandler                 0x0800011f   Thumb Code     0  startup_stm32f10x_md.o(.text)
    DMA1_Channel7_IRQHandler                 0x0800011f   Thumb Code     0  startup_stm32f10x_md.o(.text)
    EXTI0_IRQHandler                         0x0800011f   Thumb Code     0  startup_stm32f10x_md.o(.text)
    EXTI15_10_IRQHandler                     0x0800011f   Thumb Code     0  startup_stm32f10x_md.o(.text)
    EXTI1_IRQHandler                         0x0800011f   Thumb Code     0  startup_stm32f10x_md.o(.text)
    EXTI2_IRQHandler                         0x0800011f   Thumb Code     0  startup_stm32f10x_md.o(.text)
    EXTI3_IRQHandler                         0x0800011f   Thumb Code     0  startup_stm32f10x_md.o(.text)
    EXTI4_IRQHandler                         0x0800011f   Thumb Code     0  startup_stm32f10x_md.o(.text)
    EXTI9_5_IRQHandler                       0x0800011f   Thumb Code     0  startup_stm32f10x_md.o(.text)
    FLASH_IRQHandler                         0x0800011f   Thumb Code     0  startup_stm32f10x_md.o(.text)
    I2C1_ER_IRQHandler                       0x0800011f   Thumb Code     0  startup_stm32f10x_md.o(.text)
    I2C1_EV_IRQHandler                       0x0800011f   Thumb Code     0  startup_stm32f10x_md.o(.text)
    I2C2_ER_IRQHandler                       0x0800011f   Thumb Code     0  startup_stm32f10x_md.o(.text)
    I2C2_EV_IRQHandler                       0x0800011f   Thumb Code     0  startup_stm32f10x_md.o(.text)
    PVD_IRQHandler                           0x0800011f   Thumb Code     0  startup_stm32f10x_md.o(.text)
    RCC_IRQHandler                           0x0800011f   Thumb Code     0  startup_stm32f10x_md.o(.text)
    RTCAlarm_IRQHandler                      0x0800011f   Thumb Code     0  startup_stm32f10x_md.o(.text)
    RTC_IRQHandler                           0x0800011f   Thumb Code     0  startup_stm32f10x_md.o(.text)
    SPI1_IRQHandler                          0x0800011f   Thumb Code     0  startup_stm32f10x_md.o(.text)
    SPI2_IRQHandler                          0x0800011f   Thumb Code     0  startup_stm32f10x_md.o(.text)
    TAMPER_IRQHandler                        0x0800011f   Thumb Code     0  startup_stm32f10x_md.o(.text)
    TIM1_BRK_IRQHandler                      0x0800011f   Thumb Code     0  startup_stm32f10x_md.o(.text)
    TIM1_CC_IRQHandler                       0x0800011f   Thumb Code     0  startup_stm32f10x_md.o(.text)
    TIM1_TRG_COM_IRQHandler                  0x0800011f   Thumb Code     0  startup_stm32f10x_md.o(.text)
    TIM1_UP_IRQHandler                       0x0800011f   Thumb Code     0  startup_stm32f10x_md.o(.text)
    USART1_IRQHandler                        0x0800011f   Thumb Code     0  startup_stm32f10x_md.o(.text)
    USART2_IRQHandler                        0x0800011f   Thumb Code     0  startup_stm32f10x_md.o(.text)
    USART3_IRQHandler                        0x0800011f   Thumb Code     0  startup_stm32f10x_md.o(.text)
    USBWakeUp_IRQHandler                     0x0800011f   Thumb Code     0  startup_stm32f10x_md.o(.text)
    USB_HP_CAN1_TX_IRQHandler                0x0800011f   Thumb Code     0  startup_stm32f10x_md.o(.text)
    USB_LP_CAN1_RX0_IRQHandler               0x0800011f   Thumb Code     0  startup_stm32f10x_md.o(.text)
    WWDG_IRQHandler                          0x0800011f   Thumb Code     0  startup_stm32f10x_md.o(.text)
    __scatterload                            0x08000129   Thumb Code    28  init.o(.text)
    __scatterload_rt2                        0x08000129   Thumb Code     0  init.o(.text)
    IT_function                              0x0800014d   Thumb Code    42  principal.o(i.IT_function)
    MyGPIO_Init                              0x0800017d   Thumb Code    82  driver_gpio.o(i.MyGPIO_Init)
    MyGPIO_Read                              0x080001cf   Thumb Code    12  driver_gpio.o(i.MyGPIO_Read)
    MyGPIO_Reset                             0x080001db   Thumb Code     8  driver_gpio.o(i.MyGPIO_Reset)
    MyGPIO_Set                               0x080001e3   Thumb Code     8  driver_gpio.o(i.MyGPIO_Set)
    MyGPIO_Toggle                            0x080001eb   Thumb Code    36  driver_gpio.o(i.MyGPIO_Toggle)
    MyTimer_ActiveIT                         0x08000211   Thumb Code    94  mytimer.o(i.MyTimer_ActiveIT)
    MyTimer_Base_Init                        0x08000295   Thumb Code    14  mytimer.o(i.MyTimer_Base_Init)
    MyTimer_PWM                              0x080002a3   Thumb Code    72  mytimer.o(i.MyTimer_PWM)
    Start_MyTimer_PWM                        0x080003d5   Thumb Code    16  mytimer.o(i.Start_MyTimer_PWM)
    SystemInit                               0x080003e5   Thumb Code    78  system_stm32f10x.o(i.SystemInit)
    TIM2_IRQHandler                          0x08000445   Thumb Code    16  mytimer.o(i.TIM2_IRQHandler)
    TIM3_IRQHandler                          0x08000459   Thumb Code    16  mytimer.o(i.TIM3_IRQHandler)
    TIM4_IRQHandler                          0x0800046d   Thumb Code    16  mytimer.o(i.TIM4_IRQHandler)
    __scatterload_copy                       0x08000481   Thumb Code    14  handlers.o(i.__scatterload_copy)
    __scatterload_null                       0x0800048f   Thumb Code     2  handlers.o(i.__scatterload_null)
    __scatterload_zeroinit                   0x08000491   Thumb Code    14  handlers.o(i.__scatterload_zeroinit)
    main                                     0x080004a1   Thumb Code   150  principal.o(i.main)
    Region$$Table$$Base                      0x08000550   Number         0  anon$$obj.o(Region$$Table)
    Region$$Table$$Limit                     0x08000570   Number         0  anon$$obj.o(Region$$Table)
    loulou                                   0x20000000   Data           2  principal.o(.data)
    PA5                                      0x20000004   Data           8  principal.o(.data)
    PA0                                      0x2000000c   Data           8  principal.o(.data)
    Timer2                                   0x20000014   Data           8  principal.o(.data)
    pTim1Fun                                 0x2000001c   Data           4  mytimer.o(.data)
    pTim2Fun                                 0x20000020   Data           4  mytimer.o(.data)
    pTim3Fun                                 0x20000024   Data           4  mytimer.o(.data)
    pTim4Fun                                 0x20000028   Data           4  mytimer.o(.data)
    __initial_sp                             0x20000430   Data           0  startup_stm32f10x_md.o(STACK)



==============================================================================

Memory Map of the image

  Image Entry point : 0x08000105

  Load Region LR_1 (Base: 0x08000000, Size: 0x0000059c, Max: 0xffffffff, ABSOLUTE)

    Execution Region ER_RO (Exec base: 0x08000000, Load base: 0x08000000, Size: 0x00000570, Max: 0xffffffff, ABSOLUTE)

    Exec Addr    Load Addr    Size         Type   Attr      Idx    E Section Name        Object

    0x08000000   0x08000000   0x000000ec   Data   RO          188    RESET               startup_stm32f10x_md.o
    0x080000ec   0x080000ec   0x00000000   Code   RO          239  * .ARM.Collect$$$$00000000  mc_w.l(entry.o)
    0x080000ec   0x080000ec   0x00000004   Code   RO          242    .ARM.Collect$$$$00000001  mc_w.l(entry2.o)
    0x080000f0   0x080000f0   0x00000004   Code   RO          245    .ARM.Collect$$$$00000004  mc_w.l(entry5.o)
    0x080000f4   0x080000f4   0x00000000   Code   RO          247    .ARM.Collect$$$$00000008  mc_w.l(entry7b.o)
    0x080000f4   0x080000f4   0x00000000   Code   RO          249    .ARM.Collect$$$$0000000A  mc_w.l(entry8b.o)
    0x080000f4   0x080000f4   0x00000008   Code   RO          250    .ARM.Collect$$$$0000000B  mc_w.l(entry9a.o)
    0x080000fc   0x080000fc   0x00000004   Code   RO          257    .ARM.Collect$$$$0000000E  mc_w.l(entry12b.o)
    0x08000100   0x08000100   0x00000000   Code   RO          252    .ARM.Collect$$$$0000000F  mc_w.l(entry10a.o)
    0x08000100   0x08000100   0x00000000   Code   RO          254    .ARM.Collect$$$$00000011  mc_w.l(entry11a.o)
    0x08000100   0x08000100   0x00000004   Code   RO          243    .ARM.Collect$$$$00002712  mc_w.l(entry2.o)
    0x08000104   0x08000104   0x00000024   Code   RO          189  * .text               startup_stm32f10x_md.o
    0x08000128   0x08000128   0x00000024   Code   RO          258    .text               mc_w.l(init.o)
    0x0800014c   0x0800014c   0x00000030   Code   RO            4    i.IT_function       principal.o
    0x0800017c   0x0800017c   0x00000052   Code   RO           72    i.MyGPIO_Init       driver_gpio.o
    0x080001ce   0x080001ce   0x0000000c   Code   RO           73    i.MyGPIO_Read       driver_gpio.o
    0x080001da   0x080001da   0x00000008   Code   RO           74    i.MyGPIO_Reset      driver_gpio.o
    0x080001e2   0x080001e2   0x00000008   Code   RO           75    i.MyGPIO_Set        driver_gpio.o
    0x080001ea   0x080001ea   0x00000024   Code   RO           76    i.MyGPIO_Toggle     driver_gpio.o
    0x0800020e   0x0800020e   0x00000002   PAD
    0x08000210   0x08000210   0x00000084   Code   RO          120    i.MyTimer_ActiveIT  mytimer.o
    0x08000294   0x08000294   0x0000000e   Code   RO          121    i.MyTimer_Base_Init  mytimer.o
    0x080002a2   0x080002a2   0x00000048   Code   RO          122    i.MyTimer_PWM       mytimer.o
    0x080002ea   0x080002ea   0x00000008   Code   RO          196    i.SetSysClock       system_stm32f10x.o
    0x080002f2   0x080002f2   0x00000002   PAD
    0x080002f4   0x080002f4   0x000000e0   Code   RO          197    i.SetSysClockTo72   system_stm32f10x.o
    0x080003d4   0x080003d4   0x00000010   Code   RO          123    i.Start_MyTimer_PWM  mytimer.o
    0x080003e4   0x080003e4   0x00000060   Code   RO          199    i.SystemInit        system_stm32f10x.o
    0x08000444   0x08000444   0x00000014   Code   RO          125    i.TIM2_IRQHandler   mytimer.o
    0x08000458   0x08000458   0x00000014   Code   RO          126    i.TIM3_IRQHandler   mytimer.o
    0x0800046c   0x0800046c   0x00000014   Code   RO          127    i.TIM4_IRQHandler   mytimer.o
    0x08000480   0x08000480   0x0000000e   Code   RO          262    i.__scatterload_copy  mc_w.l(handlers.o)
    0x0800048e   0x0800048e   0x00000002   Code   RO          263    i.__scatterload_null  mc_w.l(handlers.o)
    0x08000490   0x08000490   0x0000000e   Code   RO          264    i.__scatterload_zeroinit  mc_w.l(handlers.o)
    0x0800049e   0x0800049e   0x00000002   PAD
    0x080004a0   0x080004a0   0x000000b0   Code   RO            5    i.main              principal.o
    0x08000550   0x08000550   0x00000020   Data   RO          260    Region$$Table       anon$$obj.o


    Execution Region ER_RW (Exec base: 0x20000000, Load base: 0x08000570, Size: 0x0000002c, Max: 0xffffffff, ABSOLUTE)

    Exec Addr    Load Addr    Size         Type   Attr      Idx    E Section Name        Object

    0x20000000   0x08000570   0x0000001c   Data   RW            6    .data               principal.o
    0x2000001c   0x0800058c   0x00000010   Data   RW          128    .data               mytimer.o


    Execution Region ER_ZI (Exec base: 0x2000002c, Load base: 0x0800059c, Size: 0x00000404, Max: 0xffffffff, ABSOLUTE)

    Exec Addr    Load Addr    Size         Type   Attr      Idx    E Section Name        Object

    0x2000002c   0x0800059c   0x00000004   PAD
    0x20000030        -       0x00000400   Zero   RW          186    STACK               startup_stm32f10x_md.o


==============================================================================

Image component sizes


      Code (inc. data)   RO Data    RW Data    ZI Data      Debug   Object Name

       146          0          0          0          0       3272   driver_gpio.o
       294         50          0         16          0       4741   mytimer.o
       224         32          0         28          0     208941   principal.o
        36          8        236          0       1024        836   startup_stm32f10x_md.o
       328         28          0          0          0       2101   system_stm32f10x.o

    ----------------------------------------------------------------------
      1032        118        268         44       1028     219891   Object Totals
         0          0         32          0          0          0   (incl. Generated)
         4          0          0          0          4          0   (incl. Padding)

    ----------------------------------------------------------------------

      Code (inc. data)   RO Data    RW Data    ZI Data      Debug   Library Member Name

         0          0          0          0          0          0   entry.o
         0          0          0          0          0          0   entry10a.o
         0          0          0          0          0          0   entry11a.o
         4          0          0          0          0          0   entry12b.o
         8          4          0          0          0          0   entry2.o
         4          0          0          0          0          0   entry5.o
         0          0          0          0          0          0   entry7b.o
         0          0          0          0          0          0   entry8b.o
         8          4          0          0          0          0   entry9a.o
        30          0          0          0          0          0   handlers.o
        36          8          0          0          0         68   init.o

    ----------------------------------------------------------------------
        92         16          0          0          0         68   Library Totals
         2          0          0          0          0          0   (incl. Padding)

    ----------------------------------------------------------------------

      Code (inc. data)   RO Data    RW Data    ZI Data      Debug   Library Name

        90         16          0          0          0         68   mc_w.l

    ----------------------------------------------------------------------
        92         16          0          0          0         68   Library Totals

    ----------------------------------------------------------------------

==============================================================================


      Code (inc. data)   RO Data    RW Data    ZI Data      Debug   

      1124        134        268         44       1028     219331   Grand Totals
      1124        134        268         44       1028     219331   ELF Image Totals
      1124        134        268         44          0          0   ROM Totals

==============================================================================

    Total RO  Size (Code + RO Data)                 1392 (   1.36kB)
    Total RW  Size (RW Data + ZI Data)              1072 (   1.05kB)
    Total ROM Size (Code + RO Data + RW Data)       1436 (   1.40kB)

==============================================================================

